// Jest Snapshot v1, https://goo.gl/fbAQLP

exports[` 1`] = `
<div>
  <div
    className="mobileCompany"
  >
    <div
      className="buttons"
    >
      <input
        className="all"
        onClick={[Function]}
        type="button"
        value="Все"
      />
      <input
        className="active"
        onClick={[Function]}
        type="button"
        value="Активные"
      />
      <input
        className="blocked"
        onClick={[Function]}
        type="button"
        value="Заблокированные"
      />
    </div>
    <div
      className="mobileCompanyClients"
    >
      <div
        className="clientHeader"
      >
        <div
          className="clientSurname header"
        >
          Фамилия
        </div>
        <div
          className="clientName header"
        >
          Имя
        </div>
        <div
          className="clientPatronym header"
        >
          Отчество
        </div>
        <div
          className="clientBalance header"
        >
          Баланс
        </div>
        <div
          className="clientStatus header"
        >
          Статус
        </div>
        <div
          className="clientEdit header"
        >
          Редактировать
        </div>
        <div
          className="clientDelete header"
        >
          Удалить
        </div>
      </div>
      <div
        className="clients"
      >
        <div
          className="mobileClient"
        >
          <div
            className="clientSurname"
          >
            Иванов
          </div>
          <div
            className="clientName"
          >
            Иван
          </div>
          <div
            className="clientPatronym"
          >
            Иванович
          </div>
          <div
            className="clientBalance"
          >
            200
          </div>
          <div
            className="clientStatus green"
          >
            active
          </div>
          <div
            className="clientEdit"
          >
            <input
              onClick={[Function]}
              type="button"
              value="Редактировать"
            />
          </div>
          <div
            className="clientDelete"
          >
            <input
              onClick={[Function]}
              type="button"
              value="Удалить"
            />
          </div>
        </div>
        <div
          className="mobileClient"
        >
          <div
            className="clientSurname"
          >
            Сидоров
          </div>
          <div
            className="clientName"
          >
            Сидор
          </div>
          <div
            className="clientPatronym"
          >
            Сидорович
          </div>
          <div
            className="clientBalance"
          >
            250
          </div>
          <div
            className="clientStatus green"
          >
            active
          </div>
          <div
            className="clientEdit"
          >
            <input
              onClick={[Function]}
              type="button"
              value="Редактировать"
            />
          </div>
          <div
            className="clientDelete"
          >
            <input
              onClick={[Function]}
              type="button"
              value="Удалить"
            />
          </div>
        </div>
        <div
          className="mobileClient"
        >
          <div
            className="clientSurname"
          >
            Петров
          </div>
          <div
            className="clientName"
          >
            Пётр
          </div>
          <div
            className="clientPatronym"
          >
            Петрович
          </div>
          <div
            className="clientBalance"
          >
            180
          </div>
          <div
            className="clientStatus green"
          >
            active
          </div>
          <div
            className="clientEdit"
          >
            <input
              onClick={[Function]}
              type="button"
              value="Редактировать"
            />
          </div>
          <div
            className="clientDelete"
          >
            <input
              onClick={[Function]}
              type="button"
              value="Удалить"
            />
          </div>
        </div>
        <div
          className="mobileClient"
        >
          <div
            className="clientSurname"
          >
            Григорьев
          </div>
          <div
            className="clientName"
          >
            Григорий
          </div>
          <div
            className="clientPatronym"
          >
            Григорьевич
          </div>
          <div
            className="clientBalance"
          >
            -220
          </div>
          <div
            className="clientStatus red"
          >
            blocked
          </div>
          <div
            className="clientEdit"
          >
            <input
              onClick={[Function]}
              type="button"
              value="Редактировать"
            />
          </div>
          <div
            className="clientDelete"
          >
            <input
              onClick={[Function]}
              type="button"
              value="Удалить"
            />
          </div>
        </div>
      </div>
    </div>
  </div>
  <input
    className="addClient"
    onClick={[Function]}
    type="button"
    value="добавить клиента"
  />
</div>
`;

exports[`MobileCompany add client should work 1`] = `
<div>
  <div
    className="mobileCompany"
  >
    <div
      className="buttons"
    >
      <input
        className="all"
        onClick={[Function]}
        type="button"
        value="Все"
      />
      <input
        className="active"
        onClick={[Function]}
        type="button"
        value="Активные"
      />
      <input
        className="blocked"
        onClick={[Function]}
        type="button"
        value="Заблокированные"
      />
    </div>
    <div
      className="mobileCompanyClients"
    >
      <div
        className="clientHeader"
      >
        <div
          className="clientSurname header"
        >
          Фамилия
        </div>
        <div
          className="clientName header"
        >
          Имя
        </div>
        <div
          className="clientPatronym header"
        >
          Отчество
        </div>
        <div
          className="clientBalance header"
        >
          Баланс
        </div>
        <div
          className="clientStatus header"
        >
          Статус
        </div>
        <div
          className="clientEdit header"
        >
          Редактировать
        </div>
        <div
          className="clientDelete header"
        >
          Удалить
        </div>
      </div>
      <div
        className="clients"
      >
        <div
          className="mobileClient"
        >
          <div
            className="clientSurname"
          >
            Иванов
          </div>
          <div
            className="clientName"
          >
            Иван
          </div>
          <div
            className="clientPatronym"
          >
            Иванович
          </div>
          <div
            className="clientBalance"
          >
            350
          </div>
          <div
            className="clientStatus green"
          >
            active
          </div>
          <div
            className="clientEdit"
          >
            <input
              onClick={[Function]}
              type="button"
              value="Редактировать"
            />
          </div>
          <div
            className="clientDelete"
          >
            <input
              onClick={[Function]}
              type="button"
              value="Удалить"
            />
          </div>
        </div>
        <div
          className="mobileClient"
        >
          <div
            className="clientSurname"
          >
            Сидоров
          </div>
          <div
            className="clientName"
          >
            Сидор
          </div>
          <div
            className="clientPatronym"
          >
            Сидорович
          </div>
          <div
            className="clientBalance"
          >
            250
          </div>
          <div
            className="clientStatus green"
          >
            active
          </div>
          <div
            className="clientEdit"
          >
            <input
              onClick={[Function]}
              type="button"
              value="Редактировать"
            />
          </div>
          <div
            className="clientDelete"
          >
            <input
              onClick={[Function]}
              type="button"
              value="Удалить"
            />
          </div>
        </div>
        <div
          className="mobileClient"
        >
          <div
            className="clientSurname"
          >
            Петров
          </div>
          <div
            className="clientName"
          >
            Пётр
          </div>
          <div
            className="clientPatronym"
          >
            Петрович
          </div>
          <div
            className="clientBalance"
          >
            180
          </div>
          <div
            className="clientStatus green"
          >
            active
          </div>
          <div
            className="clientEdit"
          >
            <input
              onClick={[Function]}
              type="button"
              value="Редактировать"
            />
          </div>
          <div
            className="clientDelete"
          >
            <input
              onClick={[Function]}
              type="button"
              value="Удалить"
            />
          </div>
        </div>
        <div
          className="mobileClient"
        >
          <div
            className="clientSurname"
          >
            Григорьев
          </div>
          <div
            className="clientName"
          >
            Григорий
          </div>
          <div
            className="clientPatronym"
          >
            Григорьевич
          </div>
          <div
            className="clientBalance"
          >
            -220
          </div>
          <div
            className="clientStatus red"
          >
            blocked
          </div>
          <div
            className="clientEdit"
          >
            <input
              onClick={[Function]}
              type="button"
              value="Редактировать"
            />
          </div>
          <div
            className="clientDelete"
          >
            <input
              onClick={[Function]}
              type="button"
              value="Удалить"
            />
          </div>
        </div>
        <div
          className="mobileClient"
        >
          <div
            className="clientSurname"
          >
            Антонов
          </div>
          <div
            className="clientName"
          >
            Антон
          </div>
          <div
            className="clientPatronym"
          >
            Антонович
          </div>
          <div
            className="clientBalance"
          >
            350
          </div>
          <div
            className="clientStatus green"
          >
            active
          </div>
          <div
            className="clientEdit"
          >
            <input
              onClick={[Function]}
              type="button"
              value="Редактировать"
            />
          </div>
          <div
            className="clientDelete"
          >
            <input
              onClick={[Function]}
              type="button"
              value="Удалить"
            />
          </div>
        </div>
      </div>
    </div>
  </div>
  <input
    className="addClient"
    onClick={[Function]}
    type="button"
    value="добавить клиента"
  />
</div>
`;

exports[`MobileCompany delete client should work 1`] = `
<div>
  <div
    className="mobileCompany"
  >
    <div
      className="buttons"
    >
      <input
        className="all"
        onClick={[Function]}
        type="button"
        value="Все"
      />
      <input
        className="active"
        onClick={[Function]}
        type="button"
        value="Активные"
      />
      <input
        className="blocked"
        onClick={[Function]}
        type="button"
        value="Заблокированные"
      />
    </div>
    <div
      className="mobileCompanyClients"
    >
      <div
        className="clientHeader"
      >
        <div
          className="clientSurname header"
        >
          Фамилия
        </div>
        <div
          className="clientName header"
        >
          Имя
        </div>
        <div
          className="clientPatronym header"
        >
          Отчество
        </div>
        <div
          className="clientBalance header"
        >
          Баланс
        </div>
        <div
          className="clientStatus header"
        >
          Статус
        </div>
        <div
          className="clientEdit header"
        >
          Редактировать
        </div>
        <div
          className="clientDelete header"
        >
          Удалить
        </div>
      </div>
      <div
        className="clients"
      >
        <div
          className="mobileClient"
        >
          <div
            className="clientSurname"
          >
            Иванов
          </div>
          <div
            className="clientName"
          >
            Иван
          </div>
          <div
            className="clientPatronym"
          >
            Иванович
          </div>
          <div
            className="clientBalance"
          >
            350
          </div>
          <div
            className="clientStatus green"
          >
            active
          </div>
          <div
            className="clientEdit"
          >
            <input
              onClick={[Function]}
              type="button"
              value="Редактировать"
            />
          </div>
          <div
            className="clientDelete"
          >
            <input
              onClick={[Function]}
              type="button"
              value="Удалить"
            />
          </div>
        </div>
        <div
          className="mobileClient"
        >
          <div
            className="clientSurname"
          >
            Сидоров
          </div>
          <div
            className="clientName"
          >
            Сидор
          </div>
          <div
            className="clientPatronym"
          >
            Сидорович
          </div>
          <div
            className="clientBalance"
          >
            250
          </div>
          <div
            className="clientStatus green"
          >
            active
          </div>
          <div
            className="clientEdit"
          >
            <input
              onClick={[Function]}
              type="button"
              value="Редактировать"
            />
          </div>
          <div
            className="clientDelete"
          >
            <input
              onClick={[Function]}
              type="button"
              value="Удалить"
            />
          </div>
        </div>
        <div
          className="mobileClient"
        >
          <div
            className="clientSurname"
          >
            Петров
          </div>
          <div
            className="clientName"
          >
            Пётр
          </div>
          <div
            className="clientPatronym"
          >
            Петрович
          </div>
          <div
            className="clientBalance"
          >
            180
          </div>
          <div
            className="clientStatus green"
          >
            active
          </div>
          <div
            className="clientEdit"
          >
            <input
              onClick={[Function]}
              type="button"
              value="Редактировать"
            />
          </div>
          <div
            className="clientDelete"
          >
            <input
              onClick={[Function]}
              type="button"
              value="Удалить"
            />
          </div>
        </div>
        <div
          className="mobileClient"
        >
          <div
            className="clientSurname"
          >
            Григорьев
          </div>
          <div
            className="clientName"
          >
            Григорий
          </div>
          <div
            className="clientPatronym"
          >
            Григорьевич
          </div>
          <div
            className="clientBalance"
          >
            -220
          </div>
          <div
            className="clientStatus red"
          >
            blocked
          </div>
          <div
            className="clientEdit"
          >
            <input
              onClick={[Function]}
              type="button"
              value="Редактировать"
            />
          </div>
          <div
            className="clientDelete"
          >
            <input
              onClick={[Function]}
              type="button"
              value="Удалить"
            />
          </div>
        </div>
      </div>
    </div>
  </div>
  <input
    className="addClient"
    onClick={[Function]}
    type="button"
    value="добавить клиента"
  />
</div>
`;

exports[`MobileCompany edit client should work 1`] = `
<div>
  <div
    className="mobileCompany"
  >
    <div
      className="buttons"
    >
      <input
        className="all"
        onClick={[Function]}
        type="button"
        value="Все"
      />
      <input
        className="active"
        onClick={[Function]}
        type="button"
        value="Активные"
      />
      <input
        className="blocked"
        onClick={[Function]}
        type="button"
        value="Заблокированные"
      />
    </div>
    <div
      className="mobileCompanyClients"
    >
      <div
        className="clientHeader"
      >
        <div
          className="clientSurname header"
        >
          Фамилия
        </div>
        <div
          className="clientName header"
        >
          Имя
        </div>
        <div
          className="clientPatronym header"
        >
          Отчество
        </div>
        <div
          className="clientBalance header"
        >
          Баланс
        </div>
        <div
          className="clientStatus header"
        >
          Статус
        </div>
        <div
          className="clientEdit header"
        >
          Редактировать
        </div>
        <div
          className="clientDelete header"
        >
          Удалить
        </div>
      </div>
      <div
        className="clients"
      >
        <div
          className="mobileClient"
        >
          <div
            className="clientSurname"
          >
            Иванов
          </div>
          <div
            className="clientName"
          >
            Иван
          </div>
          <div
            className="clientPatronym"
          >
            Иванович
          </div>
          <div
            className="clientBalance"
          >
            350
          </div>
          <div
            className="clientStatus green"
          >
            active
          </div>
          <div
            className="clientEdit"
          >
            <input
              onClick={[Function]}
              type="button"
              value="Редактировать"
            />
          </div>
          <div
            className="clientDelete"
          >
            <input
              onClick={[Function]}
              type="button"
              value="Удалить"
            />
          </div>
        </div>
        <div
          className="mobileClient"
        >
          <div
            className="clientSurname"
          >
            Сидоров
          </div>
          <div
            className="clientName"
          >
            Сидор
          </div>
          <div
            className="clientPatronym"
          >
            Сидорович
          </div>
          <div
            className="clientBalance"
          >
            250
          </div>
          <div
            className="clientStatus green"
          >
            active
          </div>
          <div
            className="clientEdit"
          >
            <input
              onClick={[Function]}
              type="button"
              value="Редактировать"
            />
          </div>
          <div
            className="clientDelete"
          >
            <input
              onClick={[Function]}
              type="button"
              value="Удалить"
            />
          </div>
        </div>
        <div
          className="mobileClient"
        >
          <div
            className="clientSurname"
          >
            Петров
          </div>
          <div
            className="clientName"
          >
            Пётр
          </div>
          <div
            className="clientPatronym"
          >
            Петрович
          </div>
          <div
            className="clientBalance"
          >
            180
          </div>
          <div
            className="clientStatus green"
          >
            active
          </div>
          <div
            className="clientEdit"
          >
            <input
              onClick={[Function]}
              type="button"
              value="Редактировать"
            />
          </div>
          <div
            className="clientDelete"
          >
            <input
              onClick={[Function]}
              type="button"
              value="Удалить"
            />
          </div>
        </div>
        <div
          className="mobileClient"
        >
          <div
            className="clientSurname"
          >
            Григорьев
          </div>
          <div
            className="clientName"
          >
            Григорий
          </div>
          <div
            className="clientPatronym"
          >
            Григорьевич
          </div>
          <div
            className="clientBalance"
          >
            -220
          </div>
          <div
            className="clientStatus red"
          >
            blocked
          </div>
          <div
            className="clientEdit"
          >
            <input
              onClick={[Function]}
              type="button"
              value="Редактировать"
            />
          </div>
          <div
            className="clientDelete"
          >
            <input
              onClick={[Function]}
              type="button"
              value="Удалить"
            />
          </div>
        </div>
      </div>
    </div>
  </div>
  <input
    className="addClient"
    onClick={[Function]}
    type="button"
    value="добавить клиента"
  />
</div>
`;

exports[`MobileCompany show active client should work 1`] = `
<div>
  <div
    className="mobileCompany"
  >
    <div
      className="buttons"
    >
      <input
        className="all"
        onClick={[Function]}
        type="button"
        value="Все"
      />
      <input
        className="active"
        onClick={[Function]}
        type="button"
        value="Активные"
      />
      <input
        className="blocked"
        onClick={[Function]}
        type="button"
        value="Заблокированные"
      />
    </div>
    <div
      className="mobileCompanyClients"
    >
      <div
        className="clientHeader"
      >
        <div
          className="clientSurname header"
        >
          Фамилия
        </div>
        <div
          className="clientName header"
        >
          Имя
        </div>
        <div
          className="clientPatronym header"
        >
          Отчество
        </div>
        <div
          className="clientBalance header"
        >
          Баланс
        </div>
        <div
          className="clientStatus header"
        >
          Статус
        </div>
        <div
          className="clientEdit header"
        >
          Редактировать
        </div>
        <div
          className="clientDelete header"
        >
          Удалить
        </div>
      </div>
      <div
        className="clients"
      >
        <div
          className="mobileClient"
        >
          <div
            className="clientSurname"
          >
            Иванов
          </div>
          <div
            className="clientName"
          >
            Иван
          </div>
          <div
            className="clientPatronym"
          >
            Иванович
          </div>
          <div
            className="clientBalance"
          >
            200
          </div>
          <div
            className="clientStatus green"
          >
            active
          </div>
          <div
            className="clientEdit"
          >
            <input
              onClick={[Function]}
              type="button"
              value="Редактировать"
            />
          </div>
          <div
            className="clientDelete"
          >
            <input
              onClick={[Function]}
              type="button"
              value="Удалить"
            />
          </div>
        </div>
        <div
          className="mobileClient"
        >
          <div
            className="clientSurname"
          >
            Сидоров
          </div>
          <div
            className="clientName"
          >
            Сидор
          </div>
          <div
            className="clientPatronym"
          >
            Сидорович
          </div>
          <div
            className="clientBalance"
          >
            250
          </div>
          <div
            className="clientStatus green"
          >
            active
          </div>
          <div
            className="clientEdit"
          >
            <input
              onClick={[Function]}
              type="button"
              value="Редактировать"
            />
          </div>
          <div
            className="clientDelete"
          >
            <input
              onClick={[Function]}
              type="button"
              value="Удалить"
            />
          </div>
        </div>
        <div
          className="mobileClient"
        >
          <div
            className="clientSurname"
          >
            Петров
          </div>
          <div
            className="clientName"
          >
            Пётр
          </div>
          <div
            className="clientPatronym"
          >
            Петрович
          </div>
          <div
            className="clientBalance"
          >
            180
          </div>
          <div
            className="clientStatus green"
          >
            active
          </div>
          <div
            className="clientEdit"
          >
            <input
              onClick={[Function]}
              type="button"
              value="Редактировать"
            />
          </div>
          <div
            className="clientDelete"
          >
            <input
              onClick={[Function]}
              type="button"
              value="Удалить"
            />
          </div>
        </div>
      </div>
    </div>
  </div>
  <input
    className="addClient"
    onClick={[Function]}
    type="button"
    value="добавить клиента"
  />
</div>
`;

exports[`MobileCompany show all client should work 1`] = `
<div>
  <div
    className="mobileCompany"
  >
    <div
      className="buttons"
    >
      <input
        className="all"
        onClick={[Function]}
        type="button"
        value="Все"
      />
      <input
        className="active"
        onClick={[Function]}
        type="button"
        value="Активные"
      />
      <input
        className="blocked"
        onClick={[Function]}
        type="button"
        value="Заблокированные"
      />
    </div>
    <div
      className="mobileCompanyClients"
    >
      <div
        className="clientHeader"
      >
        <div
          className="clientSurname header"
        >
          Фамилия
        </div>
        <div
          className="clientName header"
        >
          Имя
        </div>
        <div
          className="clientPatronym header"
        >
          Отчество
        </div>
        <div
          className="clientBalance header"
        >
          Баланс
        </div>
        <div
          className="clientStatus header"
        >
          Статус
        </div>
        <div
          className="clientEdit header"
        >
          Редактировать
        </div>
        <div
          className="clientDelete header"
        >
          Удалить
        </div>
      </div>
      <div
        className="clients"
      >
        <div
          className="mobileClient"
        >
          <div
            className="clientSurname"
          >
            Иванов
          </div>
          <div
            className="clientName"
          >
            Иван
          </div>
          <div
            className="clientPatronym"
          >
            Иванович
          </div>
          <div
            className="clientBalance"
          >
            200
          </div>
          <div
            className="clientStatus green"
          >
            active
          </div>
          <div
            className="clientEdit"
          >
            <input
              onClick={[Function]}
              type="button"
              value="Редактировать"
            />
          </div>
          <div
            className="clientDelete"
          >
            <input
              onClick={[Function]}
              type="button"
              value="Удалить"
            />
          </div>
        </div>
        <div
          className="mobileClient"
        >
          <div
            className="clientSurname"
          >
            Сидоров
          </div>
          <div
            className="clientName"
          >
            Сидор
          </div>
          <div
            className="clientPatronym"
          >
            Сидорович
          </div>
          <div
            className="clientBalance"
          >
            250
          </div>
          <div
            className="clientStatus green"
          >
            active
          </div>
          <div
            className="clientEdit"
          >
            <input
              onClick={[Function]}
              type="button"
              value="Редактировать"
            />
          </div>
          <div
            className="clientDelete"
          >
            <input
              onClick={[Function]}
              type="button"
              value="Удалить"
            />
          </div>
        </div>
        <div
          className="mobileClient"
        >
          <div
            className="clientSurname"
          >
            Петров
          </div>
          <div
            className="clientName"
          >
            Пётр
          </div>
          <div
            className="clientPatronym"
          >
            Петрович
          </div>
          <div
            className="clientBalance"
          >
            180
          </div>
          <div
            className="clientStatus green"
          >
            active
          </div>
          <div
            className="clientEdit"
          >
            <input
              onClick={[Function]}
              type="button"
              value="Редактировать"
            />
          </div>
          <div
            className="clientDelete"
          >
            <input
              onClick={[Function]}
              type="button"
              value="Удалить"
            />
          </div>
        </div>
        <div
          className="mobileClient"
        >
          <div
            className="clientSurname"
          >
            Григорьев
          </div>
          <div
            className="clientName"
          >
            Григорий
          </div>
          <div
            className="clientPatronym"
          >
            Григорьевич
          </div>
          <div
            className="clientBalance"
          >
            -220
          </div>
          <div
            className="clientStatus red"
          >
            blocked
          </div>
          <div
            className="clientEdit"
          >
            <input
              onClick={[Function]}
              type="button"
              value="Редактировать"
            />
          </div>
          <div
            className="clientDelete"
          >
            <input
              onClick={[Function]}
              type="button"
              value="Удалить"
            />
          </div>
        </div>
      </div>
    </div>
  </div>
  <input
    className="addClient"
    onClick={[Function]}
    type="button"
    value="добавить клиента"
  />
</div>
`;

exports[`MobileCompany show blocked client should work 1`] = `
<div>
  <div
    className="mobileCompany"
  >
    <div
      className="buttons"
    >
      <input
        className="all"
        onClick={[Function]}
        type="button"
        value="Все"
      />
      <input
        className="active"
        onClick={[Function]}
        type="button"
        value="Активные"
      />
      <input
        className="blocked"
        onClick={[Function]}
        type="button"
        value="Заблокированные"
      />
    </div>
    <div
      className="mobileCompanyClients"
    >
      <div
        className="clientHeader"
      >
        <div
          className="clientSurname header"
        >
          Фамилия
        </div>
        <div
          className="clientName header"
        >
          Имя
        </div>
        <div
          className="clientPatronym header"
        >
          Отчество
        </div>
        <div
          className="clientBalance header"
        >
          Баланс
        </div>
        <div
          className="clientStatus header"
        >
          Статус
        </div>
        <div
          className="clientEdit header"
        >
          Редактировать
        </div>
        <div
          className="clientDelete header"
        >
          Удалить
        </div>
      </div>
      <div
        className="clients"
      >
        <div
          className="mobileClient"
        >
          <div
            className="clientSurname"
          >
            Григорьев
          </div>
          <div
            className="clientName"
          >
            Григорий
          </div>
          <div
            className="clientPatronym"
          >
            Григорьевич
          </div>
          <div
            className="clientBalance"
          >
            -220
          </div>
          <div
            className="clientStatus red"
          >
            blocked
          </div>
          <div
            className="clientEdit"
          >
            <input
              onClick={[Function]}
              type="button"
              value="Редактировать"
            />
          </div>
          <div
            className="clientDelete"
          >
            <input
              onClick={[Function]}
              type="button"
              value="Удалить"
            />
          </div>
        </div>
      </div>
    </div>
  </div>
  <input
    className="addClient"
    onClick={[Function]}
    type="button"
    value="добавить клиента"
  />
</div>
`;
